[    0.000000] Linux version 4.15.0-212-generic (buildd@lcy02-amd64-083) (gcc version 7.5.0 (Ubuntu 7.5.0-3ubuntu1~18.04)) #223-Ubuntu SMP Tue May 23 13:09:22 UTC 2023 (Ubuntu 4.15.0-212.223-generic 4.15.18)
[    0.000000] Command line: BOOT_IMAGE=/boot/vmlinuz-4.15.0-212-generic root=LABEL=cloudimg-rootfs ro console=tty1 console=ttyS0
[    0.000000] KERNEL supported cpus:
[    0.000000]   Intel GenuineIntel
[    0.000000]   AMD AuthenticAMD
[    0.000000]   Centaur CentaurHauls
[    0.000000] x86/fpu: Supporting XSAVE feature 0x001: 'x87 floating point registers'
[    0.000000] x86/fpu: Supporting XSAVE feature 0x002: 'SSE registers'
[    0.000000] x86/fpu: Supporting XSAVE feature 0x004: 'AVX registers'
[    0.000000] x86/fpu: xstate_offset[2]:  576, xstate_sizes[2]:  256
[    0.000000] x86/fpu: Enabled xstate features 0x7, context size is 832 bytes, using 'standard' format.
[    0.000000] e820: BIOS-provided physical RAM map:
[    0.000000] BIOS-e820: [mem 0x0000000000000000-0x000000000009fbff] usable
[    0.000000] BIOS-e820: [mem 0x000000000009fc00-0x000000000009ffff] reserved
[    0.000000] BIOS-e820: [mem 0x00000000000f0000-0x00000000000fffff] reserved
[    0.000000] BIOS-e820: [mem 0x0000000000100000-0x000000001ffeffff] usable
[    0.000000] BIOS-e820: [mem 0x000000001fff0000-0x000000001fffffff] ACPI data
[    0.000000] BIOS-e820: [mem 0x00000000fec00000-0x00000000fec00fff] reserved
[    0.000000] BIOS-e820: [mem 0x00000000fee00000-0x00000000fee00fff] reserved
[    0.000000] BIOS-e820: [mem 0x00000000fffc0000-0x00000000ffffffff] reserved
[    0.000000] NX (Execute Disable) protection: active
[    0.000000] SMBIOS 2.5 present.
[    0.000000] DMI: innotek GmbH VirtualBox/VirtualBox, BIOS VirtualBox 12/01/2006
[    0.000000] Hypervisor detected: KVM
[    0.000000] e820: last_pfn = 0x1fff0 max_arch_pfn = 0x400000000
[    0.000000] x86/PAT: Configuration [0-7]: WB  WC  UC- UC  WB  WP  UC- WT  
[    0.000000] found SMP MP-table at [mem 0x0009fbf0-0x0009fbff]
[    0.000000] Scanning 1 areas for low memory corruption
[    0.000000] RAMDISK: [mem 0x1db01000-0x1ee12fff]
[    0.000000] ACPI: Early table checksum verification disabled
[    0.000000] ACPI: RSDP 0x00000000000E0000 000024 (v02 VBOX  )
[    0.000000] ACPI: XSDT 0x000000001FFF0030 00003C (v01 VBOX   VBOXXSDT 00000001 ASL  00000061)
[    0.000000] ACPI: FACP 0x000000001FFF00F0 0000F4 (v04 VBOX   VBOXFACP 00000001 ASL  00000061)
[    0.000000] ACPI: DSDT 0x000000001FFF0610 002353 (v02 VBOX   VBOXBIOS 00000002 INTL 20100528)
[    0.000000] ACPI: FACS 0x000000001FFF0200 000040
[    0.000000] ACPI: FACS 0x000000001FFF0200 000040
[    0.000000] ACPI: APIC 0x000000001FFF0240 000054 (v02 VBOX   VBOXAPIC 00000001 ASL  00000061)
[    0.000000] ACPI: SSDT 0x000000001FFF02A0 00036C (v01 VBOX   VBOXCPUT 00000002 INTL 20100528)
[    0.000000] ACPI: Reserving FACP table memory at [mem 0x1fff00f0-0x1fff01e3]
[    0.000000] ACPI: Reserving DSDT table memory at [mem 0x1fff0610-0x1fff2962]
[    0.000000] ACPI: Reserving FACS table memory at [mem 0x1fff0200-0x1fff023f]
[    0.000000] ACPI: Reserving FACS table memory at [mem 0x1fff0200-0x1fff023f]
[    0.000000] ACPI: Reserving APIC table memory at [mem 0x1fff0240-0x1fff0293]
[    0.000000] ACPI: Reserving SSDT table memory at [mem 0x1fff02a0-0x1fff060b]
[    0.000000] No NUMA configuration found
[    0.000000] Faking a node at [mem 0x0000000000000000-0x000000001ffeffff]
[    0.000000] NODE_DATA(0) allocated [mem 0x1ffc5000-0x1ffeffff]
[    0.000000] kvm-clock: cpu 0, msr 0:1ff44001, primary cpu clock
[    0.000000] kvm-clock: Using msrs 4b564d01 and 4b564d00
[    0.000000] kvm-clock: using sched offset of 3325690154 cycles
[    0.000000] clocksource: kvm-clock: mask: 0xffffffffffffffff max_cycles: 0x1cd42e4dffb, max_idle_ns: 881590591483 ns
[    0.000000] Zone ranges:
[    0.000000]   DMA      [mem 0x0000000000001000-0x0000000000ffffff]
[    0.000000]   DMA32    [mem 0x0000000001000000-0x000000001ffeffff]
[    0.000000]   Normal   empty
[    0.000000]   Device   empty
[    0.000000] Movable zone start for each node
[    0.000000] Early memory node ranges
[    0.000000]   node   0: [mem 0x0000000000001000-0x000000000009efff]
[    0.000000]   node   0: [mem 0x0000000000100000-0x000000001ffeffff]
[    0.000000] Reserved but unavailable: 104 pages
[    0.000000] Initmem setup node 0 [mem 0x0000000000001000-0x000000001ffeffff]
[    0.000000] ACPI: PM-Timer IO Port: 0x4008
[    0.000000] IOAPIC[0]: apic_id 1, version 32, address 0xfec00000, GSI 0-23
[    0.000000] ACPI: INT_SRC_OVR (bus 0 bus_irq 0 global_irq 2 dfl dfl)
[    0.000000] ACPI: INT_SRC_OVR (bus 0 bus_irq 9 global_irq 9 low level)
[    0.000000] Using ACPI (MADT) for SMP configuration information
[    0.000000] smpboot: Allowing 1 CPUs, 0 hotplug CPUs
[    0.000000] PM: Registered nosave memory: [mem 0x00000000-0x00000fff]
[    0.000000] PM: Registered nosave memory: [mem 0x0009f000-0x0009ffff]
[    0.000000] PM: Registered nosave memory: [mem 0x000a0000-0x000effff]
[    0.000000] PM: Registered nosave memory: [mem 0x000f0000-0x000fffff]
[    0.000000] e820: [mem 0x20000000-0xfebfffff] available for PCI devices
[    0.000000] Booting paravirtualized kernel on KVM
[    0.000000] clocksource: refined-jiffies: mask: 0xffffffff max_cycles: 0xffffffff, max_idle_ns: 7645519600211568 ns
[    0.000000] setup_percpu: NR_CPUS:8192 nr_cpumask_bits:1 nr_cpu_ids:1 nr_node_ids:1
[    0.000000] percpu: Embedded 50 pages/cpu s167936 r8192 d28672 u2097152
[    0.000000] PV qspinlock hash table entries: 256 (order: 0, 4096 bytes)
[    0.000000] Built 1 zonelists, mobility grouping on.  Total pages: 128889
[    0.000000] Policy zone: DMA32
[    0.000000] Kernel command line: BOOT_IMAGE=/boot/vmlinuz-4.15.0-212-generic root=LABEL=cloudimg-rootfs ro console=tty1 console=ttyS0
[    0.000000] Memory: 466748K/523832K available (12300K kernel code, 2477K rwdata, 4324K rodata, 2480K init, 2720K bss, 57084K reserved, 0K cma-reserved)
[    0.000000] SLUB: HWalign=64, Order=0-3, MinObjects=0, CPUs=1, Nodes=1
[    0.000000] ftrace: allocating 39508 entries in 155 pages
[    0.004000] Hierarchical RCU implementation.
[    0.004000] 	RCU restricting CPUs from NR_CPUS=8192 to nr_cpu_ids=1.
[    0.004000] 	Tasks RCU enabled.
[    0.004000] RCU: Adjusting geometry for rcu_fanout_leaf=16, nr_cpu_ids=1
[    0.004000] NR_IRQS: 524544, nr_irqs: 256, preallocated irqs: 16
[    0.004000] random: crng init done
[    0.004000] Console: colour VGA+ 80x25
[    0.004000] console [tty1] enabled
[    0.004000] console [ttyS0] enabled
[    0.004000] ACPI: Core revision 20170831
[    0.004000] ACPI: 2 ACPI AML tables successfully acquired and loaded
[    0.004000] APIC: Switch to symmetric I/O mode setup
[    0.004000] x2apic enabled
[    0.004000] Switched APIC routing to physical x2apic.
[    0.004000] ..TIMER: vector=0x30 apic1=0 pin1=2 apic2=-1 pin2=-1
[    0.004005] tsc: Detected 1190.393 MHz processor
[    0.004608] Calibrating delay loop (skipped) preset value.. 2380.78 BogoMIPS (lpj=4761572)
[    0.005082] pid_max: default: 32768 minimum: 301
[    0.005723] Security Framework initialized
[    0.006270] Yama: becoming mindful.
[    0.006759] AppArmor: AppArmor initialized
[    0.008075] Dentry cache hash table entries: 65536 (order: 7, 524288 bytes)
[    0.009045] Inode-cache hash table entries: 32768 (order: 6, 262144 bytes)
[    0.010077] Mount-cache hash table entries: 1024 (order: 1, 8192 bytes)
[    0.010953] Mountpoint-cache hash table entries: 1024 (order: 1, 8192 bytes)
[    0.012211] process: using mwait in idle threads
[    0.012853] Last level iTLB entries: 4KB 0, 2MB 0, 4MB 0
[    0.013534] Last level dTLB entries: 4KB 0, 2MB 0, 4MB 0, 1GB 0
[    0.014393] Spectre V1 : Mitigation: usercopy/swapgs barriers and __user pointer sanitization
[    0.015981] Spectre V2 : Mitigation: Retpolines
[    0.016003] Spectre V2 : Spectre v2 / SpectreRSB mitigation: Filling RSB on context switch
[    0.017088] Spectre V2 : Spectre v2 / SpectreRSB : Filling RSB on VMEXIT
[    0.018047] RETBleed: WARNING: Spectre v2 mitigation leaves CPU vulnerable to RETBleed attacks, data leaks possible!
[    0.020005] RETBleed: Vulnerable
[    0.020484] Speculative Store Bypass: Vulnerable
[    0.021151] MMIO Stale Data: Vulnerable: Clear CPU buffers attempted, no microcode
[    0.022144] SRBDS: Unknown: Dependent on hypervisor status
[    0.036545] Freeing SMP alternatives memory: 36K
[    0.147340] smpboot: CPU0: Intel(R) Core(TM) i3-1005G1 CPU @ 1.20GHz (family: 0x6, model: 0x7e, stepping: 0x5)
[    0.148000] Performance Events: unsupported p6 CPU model 126 no PMU driver, software events only.
[    0.148000] Hierarchical SRCU implementation.
[    0.148000] NMI watchdog: Perf event create on CPU 0 failed with -2
[    0.148003] NMI watchdog: Perf NMI watchdog permanently disabled
[    0.148984] smp: Bringing up secondary CPUs ...
[    0.149638] smp: Brought up 1 node, 1 CPU
[    0.150432] smpboot: Max logical packages: 1
[    0.151061] smpboot: Total of 1 processors activated (2380.78 BogoMIPS)
[    0.152227] devtmpfs: initialized
[    0.152760] x86/mm: Memory block size: 128MB
[    0.153438] evm: security.selinux
[    0.153901] evm: security.SMACK64
[    0.154351] evm: security.SMACK64EXEC
[    0.154853] evm: security.SMACK64TRANSMUTE
[    0.156005] evm: security.SMACK64MMAP
[    0.156531] evm: security.apparmor
[    0.156998] evm: security.ima
[    0.157416] evm: security.capability
[    0.157985] clocksource: jiffies: mask: 0xffffffff max_cycles: 0xffffffff, max_idle_ns: 7645041785100000 ns
[    0.159525] futex hash table entries: 256 (order: 2, 16384 bytes)
[    0.160066] pinctrl core: initialized pinctrl subsystem
[    0.160861] RTC time:  4:30:28, date: 11/12/24
[    0.161551] NET: Registered protocol family 16
[    0.162273] audit: initializing netlink subsys (disabled)
[    0.163116] cpuidle: using governor ladder
[    0.164009] audit: type=2000 audit(1731385833.769:1): state=initialized audit_enabled=0 res=1
[    0.165128] cpuidle: using governor menu
[    0.165707] ACPI: bus type PCI registered
[    0.166263] acpiphp: ACPI Hot Plug PCI Controller Driver version: 0.5
[    0.167584] PCI: Using configuration type 1 for base access
[    0.169316] HugeTLB registered 2.00 MiB page size, pre-allocated 0 pages
[    0.170721] ACPI: Added _OSI(Module Device)
[    0.172005] ACPI: Added _OSI(Processor Device)
[    0.172648] ACPI: Added _OSI(3.0 _SCP Extensions)
[    0.173368] ACPI: Added _OSI(Processor Aggregator Device)
[    0.174137] ACPI: Added _OSI(Linux-Dell-Video)
[    0.174924] ACPI: Added _OSI(Linux-Lenovo-NV-HDMI-Audio)
[    0.175618] ACPI: Added _OSI(Linux-HPI-Hybrid-Graphics)
[    0.176259] ACPI: Executed 1 blocks of module-level executable AML code
[    0.180445] ACPI: Interpreter enabled
[    0.181009] ACPI: (supports S0 S5)
[    0.181475] ACPI: Using IOAPIC for interrupt routing
[    0.182300] PCI: Using host bridge windows from ACPI; if necessary, use "pci=nocrs" and report a bug
[    0.183913] ACPI: Enabled 2 GPEs in block 00 to 07
[    0.189284] ACPI: PCI Root Bridge [PCI0] (domain 0000 [bus 00-ff])
[    0.190176] acpi PNP0A03:00: _OSC: OS supports [ASPM ClockPM Segments MSI]
[    0.191794] acpi PNP0A03:00: _OSC: not requesting OS control; OS requires [ExtendedConfig ASPM ClockPM MSI]
[    0.192025] acpi PNP0A03:00: fail to add MMCONFIG information, can't access extended PCI configuration space under this bridge.
[    0.193831] PCI host bridge to bus 0000:00
[    0.194432] pci_bus 0000:00: root bus resource [io  0x0000-0x0cf7 window]
[    0.196003] pci_bus 0000:00: root bus resource [io  0x0d00-0xffff window]
[    0.196851] pci_bus 0000:00: root bus resource [mem 0x000a0000-0x000bffff window]
[    0.198266] pci_bus 0000:00: root bus resource [mem 0x20000000-0xfdffffff window]
[    0.199482] pci_bus 0000:00: root bus resource [bus 00-ff]
[    0.201519] pci 0000:00:01.1: legacy IDE quirk: reg 0x10: [io  0x01f0-0x01f7]
[    0.202441] pci 0000:00:01.1: legacy IDE quirk: reg 0x14: [io  0x03f6]
[    0.203272] pci 0000:00:01.1: legacy IDE quirk: reg 0x18: [io  0x0170-0x0177]
[    0.204004] pci 0000:00:01.1: legacy IDE quirk: reg 0x1c: [io  0x0376]
[    0.213338] pci 0000:00:07.0: quirk: [io  0x4000-0x403f] claimed by PIIX4 ACPI
[    0.214385] pci 0000:00:07.0: quirk: [io  0x4100-0x410f] claimed by PIIX4 SMB
[    0.221143] ACPI: PCI Interrupt Link [LNKA] (IRQs 5 9 10 *11)
[    0.222194] ACPI: PCI Interrupt Link [LNKB] (IRQs 5 9 *10 11)
[    0.223049] ACPI: PCI Interrupt Link [LNKC] (IRQs 5 *9 10 11)
[    0.224107] ACPI: PCI Interrupt Link [LNKD] (IRQs 5 9 10 *11)
[    0.225189] SCSI subsystem initialized
[    0.225819] pci 0000:00:02.0: vgaarb: setting as boot VGA device
[    0.226654] pci 0000:00:02.0: vgaarb: VGA device added: decodes=io+mem,owns=io+mem,locks=none
[    0.227746] pci 0000:00:02.0: vgaarb: bridge control possible
[    0.228003] vgaarb: loaded
[    0.228420] ACPI: bus type USB registered
[    0.228962] usbcore: registered new interface driver usbfs
[    0.229662] usbcore: registered new interface driver hub
[    0.230404] usbcore: registered new device driver usb
[    0.231313] EDAC MC: Ver: 3.0.0
[    0.232238] PCI: Using ACPI for IRQ routing
[    0.233144] NetLabel: Initializing
[    0.233687] NetLabel:  domain hash size = 128
[    0.234326] NetLabel:  protocols = UNLABELED CIPSOv4 CALIPSO
[    0.235138] NetLabel:  unlabeled traffic allowed by default
[    0.236109] clocksource: Switched to clocksource kvm-clock
[    0.256739] VFS: Disk quotas dquot_6.6.0
[    0.257313] VFS: Dquot-cache hash table entries: 512 (order 0, 4096 bytes)
[    0.258258] AppArmor: AppArmor Filesystem Enabled
[    0.258960] pnp: PnP ACPI init
[    0.260221] pnp: PnP ACPI: found 3 devices
[    0.266035] clocksource: acpi_pm: mask: 0xffffff max_cycles: 0xffffff, max_idle_ns: 2085701024 ns
[    0.267373] NET: Registered protocol family 2
[    0.268022] IP idents hash table entries: 8192 (order: 4, 65536 bytes)
[    0.269001] TCP established hash table entries: 4096 (order: 3, 32768 bytes)
[    0.269932] TCP bind hash table entries: 4096 (order: 4, 65536 bytes)
[    0.270860] TCP: Hash tables configured (established 4096 bind 4096)
[    0.271783] UDP hash table entries: 256 (order: 1, 8192 bytes)
[    0.272622] UDP-Lite hash table entries: 256 (order: 1, 8192 bytes)
[    0.273469] NET: Registered protocol family 1
[    0.274066] pci 0000:00:00.0: Limiting direct PCI/PCI transfers
[    0.274917] pci 0000:00:01.0: Activating ISA DMA hang workarounds
[    0.275741] pci 0000:00:02.0: Video device with shadowed ROM at [mem 0x000c0000-0x000dffff]
[    0.276921] Unpacking initramfs...
[    0.584374] Freeing initrd memory: 19528K
[    0.585648] clocksource: tsc: mask: 0xffffffffffffffff max_cycles: 0x1128a853cac, max_idle_ns: 440795205925 ns
[    0.587117] platform rtc_cmos: registered platform RTC device (no PNP device found)
[    0.588224] Scanning for low memory corruption every 60 seconds
[    0.589527] Initialise system trusted keyrings
[    0.590205] Key type blacklist registered
[    0.590827] workingset: timestamp_bits=36 max_order=17 bucket_order=0
[    0.592438] zbud: loaded
[    0.593357] squashfs: version 4.0 (2009/01/31) Phillip Lougher
[    0.594282] fuse init (API version 7.26)
[    0.595395] Key type asymmetric registered
[    0.596039] Asymmetric key parser 'x509' registered
[    0.596782] Block layer SCSI generic (bsg) driver version 0.4 loaded (major 246)
[    0.597861] io scheduler noop registered
[    0.598456] io scheduler deadline registered
[    0.599093] io scheduler cfq registered (default)
[    0.600003] ACPI: AC Adapter [AC] (on-line)
[    0.600731] input: Power Button as /devices/LNXSYSTM:00/LNXPWRBN:00/input/input0
[    0.601787] ACPI: Power Button [PWRF]
[    0.602404] input: Sleep Button as /devices/LNXSYSTM:00/LNXSLPBN:00/input/input1
[    0.603497] ACPI: Sleep Button [SLPF]
[    0.604795] ACPI: Battery Slot [BAT0] (battery present)
[    0.605659] Serial: 8250/16550 driver, 32 ports, IRQ sharing enabled
[    0.627177] 00:02: ttyS0 at I/O 0x3f8 (irq = 4, base_baud = 115200) is a 16550A
[    0.629225] Linux agpgart interface v0.103
[    0.630579] loop: module loaded
[    0.631471] scsi host0: ata_piix
[    0.632006] scsi host1: ata_piix
[    0.632498] ata1: PATA max UDMA/33 cmd 0x1f0 ctl 0x3f6 bmdma 0xd000 irq 14
[    0.633412] ata2: PATA max UDMA/33 cmd 0x170 ctl 0x376 bmdma 0xd008 irq 15
[    0.634682] tun: Universal TUN/TAP device driver, 1.6
[    0.635369] PPP generic driver version 2.4.2
[    0.635973] ehci_hcd: USB 2.0 'Enhanced' Host Controller (EHCI) Driver
[    0.636816] ehci-pci: EHCI PCI platform driver
[    0.637410] ehci-platform: EHCI generic platform driver
[    0.638083] ohci_hcd: USB 1.1 'Open' Host Controller (OHCI) Driver
[    0.638872] ohci-pci: OHCI PCI platform driver
[    0.639454] ohci-platform: OHCI generic platform driver
[    0.640130] uhci_hcd: USB Universal Host Controller Interface driver
[    0.640987] i8042: PNP: PS/2 Controller [PNP0303:PS2K,PNP0f03:PS2M] at 0x60,0x64 irq 1,12
[    0.642474] serio: i8042 KBD port at 0x60,0x64 irq 1
[    0.643144] serio: i8042 AUX port at 0x60,0x64 irq 12
[    0.643866] mousedev: PS/2 mouse device common for all mice
[    0.644816] input: AT Translated Set 2 keyboard as /devices/platform/i8042/serio0/input/input2
[    0.646235] rtc_cmos rtc_cmos: rtc core: registered rtc_cmos as rtc0
[    0.647151] rtc_cmos rtc_cmos: alarms up to one day, 114 bytes nvram
[    0.648061] i2c /dev entries driver
[    0.648730] device-mapper: uevent: version 1.0.3
[    0.649450] device-mapper: ioctl: 4.37.0-ioctl (2017-09-20) initialised: dm-devel@redhat.com
[    0.650549] ledtrig-cpu: registered to indicate activity on CPUs
[    0.651528] NET: Registered protocol family 10
[    0.654287] Segment Routing with IPv6
[    0.654847] NET: Registered protocol family 17
[    0.655482] Key type dns_resolver registered
[    0.656141] mce: Using 0 MCE banks
[    0.656653] RAS: Correctable Errors collector initialized.
[    0.657371] sched_clock: Marking stable (656633628, 0)->(773297873, -116664245)
[    0.658418] registered taskstats version 1
[    0.658985] Loading compiled-in X.509 certificates
[    0.661162] Loaded X.509 cert 'Build time autogenerated kernel key: b5b26778eaa3ab3a4a6cee031137706e947d12ad'
[    0.663043] Loaded X.509 cert 'Canonical Ltd. Live Patch Signing: 14df34d1a87cf37625abec039ef2bf521249b969'
[    0.664845] Loaded X.509 cert 'Canonical Ltd. Kernel Module Signing: 88f752e560a1e0737e31163a466ad7b70a850c19'
[    0.666099] blacklist: Loading compiled-in revocation X.509 certificates
[    0.666988] Loaded X.509 cert 'Canonical Ltd. Secure Boot Signing: 61482aa2830d0ab2ad5af10b7250da9033ddcef0'
[    0.668243] Loaded X.509 cert 'Canonical Ltd. Secure Boot Signing (2017): 242ade75ac4a15e50d50c84b0d45ff3eae707a03'
[    0.669663] Loaded X.509 cert 'Canonical Ltd. Secure Boot Signing (ESM 2018): 365188c1d374d6b07c3c8f240f8ef722433d6a8b'
[    0.671058] Loaded X.509 cert 'Canonical Ltd. Secure Boot Signing (2019): c0746fd6c5da3ae827864651ad66ae47fe24b3e8'
[    0.672452] Loaded X.509 cert 'Canonical Ltd. Secure Boot Signing (2021 v1): a8d54bbb3825cfb94fa13c9f8a594a195c107b8d'
[    0.674345] Loaded X.509 cert 'Canonical Ltd. Secure Boot Signing (2021 v2): 4cf046892d6fd3c9a5b03f98d845f90851dc6a8c'
[    0.676183] Loaded X.509 cert 'Canonical Ltd. Secure Boot Signing (2021 v3): 100437bb6de6e469b581e61cd66bce3ef4ed53af'
[    0.677590] Loaded X.509 cert 'Canonical Ltd. Secure Boot Signing (Ubuntu Core 2019): c1d57b8f6b743f23ee41f4f7ee292f06eecadfb9'
[    0.679034] zswap: loaded using pool lzo/zbud
[    0.681680] Key type big_key registered
[    0.682264] Key type trusted registered
[    0.683676] Key type encrypted registered
[    0.684272] AppArmor: AppArmor sha1 policy hashing enabled
[    0.685011] ima: No TPM chip found, activating TPM-bypass! (rc=-19)
[    0.685820] ima: Allocated hash algorithm: sha1
[    0.686430] evm: HMAC attrs: 0x1
[    0.687095]   Magic number: 0:831:514
[    0.687685] rtc_cmos rtc_cmos: setting system clock to 2024-11-12 04:30:29 UTC (1731385829)
[    0.688907] BIOS EDD facility v0.16 2004-Jun-25, 0 devices found
[    0.689693] EDD information not available.
[    0.816169] Freeing unused kernel image memory: 2480K
[    0.824789] Write protecting the kernel read-only data: 20480k
[    0.826166] Freeing unused kernel image memory: 2008K
[    0.827371] Freeing unused kernel image memory: 1820K
[    0.832118] x86/mm: Checked W+X mappings: passed, no W+X pages found.
Loading, please wait...
starting version 237
[    0.911141] e1000: Intel(R) PRO/1000 Network Driver - version 7.3.21-k8-NAPI
[    0.912520] e1000: Copyright (c) 1999-2006 Intel Corporation.
[    0.917434] Fusion MPT base driver 3.04.20
[    0.918178] Copyright (c) 1999-2008 LSI Corporation
[    0.933180] Fusion MPT SPI Host driver 3.04.20
[    0.956230] AVX2 version of gcm_enc/dec engaged.
[    0.956953] AES CTR mode by8 optimization enabled
[    1.132627] input: ImExPS/2 Generic Explorer Mouse as /devices/platform/i8042/serio1/input/input4
[    1.304287] e1000 0000:00:03.0 eth0: (PCI:33MHz:32-bit) 02:3b:7b:b7:3b:2d
[    1.305310] e1000 0000:00:03.0 eth0: Intel(R) PRO/1000 Network Connection
[    1.307001] mptbase: ioc0: Initiating bringup
[    1.412364] ioc0: LSI53C1030 A0: Capabilities={Initiator}
[    1.653195] scsi host2: ioc0: LSI53C1030 A0, FwRev=00000000h, Ports=1, MaxQ=256, IRQ=20
[    1.820302] scsi 2:0:0:0: Direct-Access     VBOX     HARDDISK         1.0  PQ: 0 ANSI: 5
[    1.821618] scsi target2:0:0: Beginning Domain Validation
[    1.826022] scsi target2:0:0: Domain Validation skipping write tests
[    1.827433] scsi target2:0:0: Ending Domain Validation
[    1.828316] scsi target2:0:0: asynchronous
[    1.829192] scsi 2:0:1:0: Direct-Access     VBOX     HARDDISK         1.0  PQ: 0 ANSI: 5
[    1.830358] scsi target2:0:1: Beginning Domain Validation
[    1.832164] scsi target2:0:1: Domain Validation skipping write tests
[    1.833038] scsi target2:0:1: Ending Domain Validation
[    1.833812] scsi target2:0:1: asynchronous
[    1.837372] sd 2:0:0:0: [sda] 83886080 512-byte logical blocks: (42.9 GB/40.0 GiB)
[    1.838769] sd 2:0:0:0: [sda] Write Protect is off
[    1.840441] sd 2:0:0:0: [sda] Incomplete mode parameter data
[    1.841574] sd 2:0:0:0: [sda] Assuming drive cache: write through
[    1.842537] sd 2:0:0:0: Attached scsi generic sg0 type 0
[    1.843631] sd 2:0:1:0: Attached scsi generic sg1 type 0
[    1.844597] sd 2:0:1:0: [sdb] 20480 512-byte logical blocks: (10.5 MB/10.0 MiB)
[    1.845825] sd 2:0:1:0: [sdb] Write Protect is off
[    1.846624] sd 2:0:1:0: [sdb] Incomplete mode parameter data
[    1.847752] sd 2:0:1:0: [sdb] Assuming drive cache: write through
[    1.849488]  sda: sda1
[    1.850581] sd 2:0:0:0: [sda] Attached SCSI disk
[    1.852187] sd 2:0:1:0: [sdb] Attached SCSI disk
[    2.212377] e1000 0000:00:08.0 eth1: (PCI:33MHz:32-bit) 08:00:27:98:ae:9e
[    2.213289] e1000 0000:00:08.0 eth1: Intel(R) PRO/1000 Network Connection
[    2.215047] e1000 0000:00:08.0 enp0s8: renamed from eth1
[    2.217167] e1000 0000:00:03.0 enp0s3: renamed from eth0
Begin: Loading essential drivers ... [    3.559732] raid6: sse2x1   gen() 15444 MB/s
[    3.623766] raid6: sse2x1   xor()  9355 MB/s
[    3.672760] raid6: sse2x2   gen() 18314 MB/s
[    3.733526] raid6: sse2x2   xor() 11975 MB/s
[    3.802493] raid6: sse2x4   gen() 12300 MB/s
[    3.868219] raid6: sse2x4   xor()  8227 MB/s
[    3.928048] raid6: avx2x1   gen() 25079 MB/s
[    3.976041] raid6: avx2x1   xor() 14553 MB/s
[    4.024026] raid6: avx2x2   gen() 30342 MB/s
[    4.080280] raid6: avx2x2   xor() 24928 MB/s
[    4.143916] raid6: avx2x4   gen() 34262 MB/s
[    4.196038] raid6: avx2x4   xor() 21394 MB/s
[    4.197026] raid6: using algorithm avx2x4 gen() 34262 MB/s
[    4.198097] raid6: .... xor() 21394 MB/s, rmw enabled
[    4.198879] raid6: using avx2x2 recovery algorithm
[    4.201097] xor: automatically using best checksumming function   avx       
[    4.203285] async_tx: api initialized (async)
done.
Begin: Running /scripts/init-premount ... done.
Begin: Mounting root file system ... Begin: Running /scripts/local-top ... done.
Begin: Running /scripts/local-premount ... [    4.249616] Btrfs loaded, crc32c=crc32c-intel
Scanning for Btrfs filesystems
done.
Warning: fsck not present, so skipping root file system
[    4.269656] EXT4-fs (sda1): mounted filesystem with ordered data mode. Opts: (null)
done.
Begin: Running /scripts/local-bottom ... done.
Begin: Running /scripts/init-bottom ... done.
[    4.398916] ip_tables: (C) 2000-2006 Netfilter Core Team
[    4.405567] systemd[1]: systemd 237 running in system mode. (+PAM +AUDIT +SELINUX +IMA +APPARMOR +SMACK +SYSVINIT +UTMP +LIBCRYPTSETUP +GCRYPT +GNUTLS +ACL +XZ +LZ4 +SECCOMP +BLKID +ELFUTILS +KMOD -IDN2 +IDN -PCRE2 default-hierarchy=hybrid)
[    4.408276] systemd[1]: Detected virtualization oracle.
[    4.409008] systemd[1]: Detected architecture x86-64.

Welcome to [1mUbuntu 18.04.6 LTS[0m!

[    4.411889] systemd[1]: Set hostname to <ubuntu>.
[    4.414622] systemd[1]: Initializing machine ID from random generator.
[    4.415628] systemd[1]: Installed transient /etc/machine-id file.
[    4.596647] systemd[1]: Reached target Swap.
[[0;32m  OK  [0m] Reached target Swap.
[    4.598117] systemd[1]: Reached target User and Group Name Lookups.
[[0;32m  OK  [0m] Reached target User and Group Name Lookups.
[    4.599635] systemd[1]: Reached target System Time Synchronized.
[[0;32m  OK  [0m] Reached target System Time Synchronized.
[    4.601117] systemd[1]: Set up automount Arbitrary Executable File Formats File System Automount Point.
[[0;32m  OK  [0m] Set up automount Arbitrary Executabâ€¦rmats File System Automount Point.
[[0;32m  OK  [0m] Reached target Mounting snaps.
[[0;32m  OK  [0m] Reached target Mounted snaps.
[[0;32m  OK  [0m] Started Forward Password Requests to Wall Directory Watch.
[[0;32m  OK  [0m] Created slice User and Session Slice.
[[0;32m  OK  [0m] Created slice System Slice.
[[0;32m  OK  [0m] Listening on Journal Socket.
[[0;32m  OK  [0m] Listening on Journal Audit Socket.
[[0;32m  OK  [0m] Listening on Network Service Netlink Socket.
[[0;32m  OK  [0m] Reached target Slices.
[[0;32m  OK  [0m] Listening on LVM2 metadata daemon socket.
[[0;32m  OK  [0m] Listening on fsck to fsckd communication Socket.
         Starting File System Check on Root Device...
[[0;32m  OK  [0m] Listening on udev Kernel Socket.
[[0;32m  OK  [0m] Created slice system-serial\x2dgetty.slice.
[[0;32m  OK  [0m] Listening on Syslog Socket.
         Starting Uncomplicated firewall...
         Starting Set the console keyboard layout...
[[0;32m  OK  [0m] Listening on Device-mapper event daemon FIFOs.
         Starting Monitoring of LVM2 mirrorsâ€¦ng dmeventd or progress polling...
         Starting Create list of required stâ€¦ce nodes for the current kernel...
         Mounting Kernel Debug File System...
[[0;32m  OK  [0m] Listening on /dev/initctl Compatibility Named Pipe.
         Starting Load Kernel Modules...
         Mounting Huge Pages File System...
[[0;32m  OK  [0m] Listening on Journal Socket (/dev/log).
         Starting Journal Service...
[[0;32m  OK  [0m] Listening on udev Control Socket.
         Starting udev Coldplug all Devices...
[[0;32m  OK  [0m] Listening on LVM2 poll daemon socket.
[    4.676583] Loading iSCSI transport class v2.0-870.
[    4.681471] iscsi: registered transport (tcp)
[    4.697046] iscsi: registered transport (iser)
         Mounting POSIX Message Queue File System...
[[0;32m  OK  [0m] Started File System Check on Root Device.
[[0;32m  OK  [0m] Started Uncomplicated firewall.
[[0;32m  OK  [0m] Started Create list of required staâ€¦vice nodes for the current kernel.
[[0;32m  OK  [0m] Mounted Kernel Debug File System.
[[0;32m  OK  [0m] Started Load Kernel Modules.
[[0;32m  OK  [0m] Mounted Huge Pages File System.
[[0;32m  OK  [0m] Mounted POSIX Message Queue File System.
[[0;32m  OK  [0m] Started LVM2 metadata daemon.
[[0;32m  OK  [0m] Started File System Check Daemon to report status.
         Starting Apply Kernel Variables...
         Mounting FUSE Control File System...
         Mounting Kernel Configuration File System...
         Starting Create Static Device Nodes in /dev...
         Starting Remount Root and Kernel File Systems...
[[0;32m  OK  [0m] Started Journal Service.
[[0;32m  OK  [0m] Mounted Kernel Configuration File System.
[[0;32m  OK  [0m] Mounted FUSE Control File System.
[[0;32m  OK  [0m] Started udev Coldplug all Devices.
[[0;32m  OK  [0m] Started Create Static Device Nodes in /dev.
[[0;32m  OK  [0m] Started Apply Kernel Variables.
[[0;32m  OK  [0m] Started Remount Root and Kernel File Systems.
         Starting Flush Journal to Persistent Storage...
         Starting udev Kernel Device Manager...
         Starting Load/Save Random Seed...
[[0;32m  OK  [0m] Started Monitoring of LVM2 mirrors,â€¦sing dmeventd or progress polling.
[[0;32m  OK  [0m] Started Load/Save Random Seed.
[[0;32m  OK  [0m] Started udev Kernel Device Manager.
[[0;32m  OK  [0m] Started Flush Journal to Persistent Storage.
[[0;32m  OK  [0m] Found device /dev/ttyS0.
[[0;32m  OK  [0m] Listening on Load/Save RF Kill Switch Status /dev/rfkill Watch.
         Mounting Arbitrary Executable File Formats File System...
[[0;32m  OK  [0m] Mounted Arbitrary Executable File Formats File System.
[[0;32m  OK  [0m] Started Set the console keyboard layout.
[[0;32m  OK  [0m] Reached target Local File Systems (Pre).
[[0;32m  OK  [0m] Reached target Local File Systems.
         Starting Tell Plymouth To Write Out Runtime Data...
         Starting Set console font and keymap...
         Starting ebtables ruleset management...
         Starting Commit a transient machine-id on disk...
         Starting Create Volatile Files and Directories...
         Starting AppArmor initialization...
[[0;32m  OK  [0m] Started Dispatch Password Requests to Console Directory Watch.
[[0;32m  OK  [0m] Reached target Local Encrypted Volumes.
[[0;32m  OK  [0m] Started Tell Plymouth To Write Out Runtime Data.
[[0;32m  OK  [0m] Started Commit a transient machine-id on disk.
[[0;32m  OK  [0m] Started Create Volatile Files and Directories.
         Starting Update UTMP about System Boot/Shutdown...
[[0;32m  OK  [0m] Started Update UTMP about System Boot/Shutdown.
[[0;32m  OK  [0m] Started ebtables ruleset management.
[[0;32m  OK  [0m] Started AppArmor initialization.
         Starting Load AppArmor profiles managed internally by snapd...
         Starting Initial cloud-init job (pre-networking)...
[[0;32m  OK  [0m] Started Load AppArmor profiles managed internally by snapd.
[[0;32m  OK  [0m] Started Set console font and keymap.
[    8.399626] cloud-init[750]: Cloud-init v. 23.1.2-0ubuntu0~18.04.1 running 'init-local' at Tue, 12 Nov 2024 04:30:36 +0000. Up 8.10 seconds.
[[0;32m  OK  [0m] Started Initial cloud-init job (pre-networking).
[[0;32m  OK  [0m] Reached target Network (Pre).
         Starting Network Service...
[[0;32m  OK  [0m] Started Network Service.
         Starting Wait for Network to be Configured...
         Starting Network Name Resolution...
[[0;32m  OK  [0m] Started Network Name Resolution.
[[0;32m  OK  [0m] Reached target Host and Network Name Lookups.
[[0;32m  OK  [0m] Reached target Network.
[[0;32m  OK  [0m] Started Wait for Network to be Configured.
         Starting Initial cloud-init job (metadata service crawler)...
[   10.652491] cloud-init[868]: Cloud-init v. 23.1.2-0ubuntu0~18.04.1 running 'init' at Tue, 12 Nov 2024 04:30:39 +0000. Up 10.50 seconds.
[   10.655531] cloud-init[868]: ci-info: ++++++++++++++++++++++++++++++++++++++Net device info+++++++++++++++++++++++++++++++++++++++
[   10.659799] cloud-init[868]: ci-info: +--------+-------+----------------------------+---------------+--------+-------------------+
[   10.661460] cloud-init[868]: ci-info: | Device |   Up  |          Address           |      Mask     | Scope  |     Hw-Address    |
[   10.664187] cloud-init[868]: ci-info: +--------+-------+----------------------------+---------------+--------+-------------------+
[   10.665784] cloud-init[868]: ci-info: | enp0s3 |  True |         10.0.2.15          | 255.255.255.0 | global | 02:3b:7b:b7:3b:2d |
[   10.669435] cloud-init[868]: ci-info: | enp0s3 |  True | fd00::3b:7bff:feb7:3b2d/64 |       .       | global | 02:3b:7b:b7:3b:2d |
[   10.671907] cloud-init[868]: ci-info: | enp0s3 |  True | fe80::3b:7bff:feb7:3b2d/64 |       .       |  link  | 02:3b:7b:b7:3b:2d |
[   10.676516] cloud-init[868]: ci-info: | enp0s8 | False |             .              |       .       |   .    | 08:00:27:98:ae:9e |
[   10.680222] cloud-init[868]: ci-info: |   lo   |  True |         127.0.0.1          |   255.0.0.0   |  host  |         .         |
[   10.681558] cloud-init[868]: ci-info: |   lo   |  True |          ::1/128           |       .       |  host  |         .         |
[   10.684200] cloud-init[868]: ci-info: +--------+-------+----------------------------+---------------+--------+-------------------+
[   10.686779] cloud-init[868]: ci-info: ++++++++++++++++++++++++++++Route IPv4 info+++++++++++++++++++++++++++++
[   10.691977] cloud-init[868]: ci-info: +-------+-------------+----------+-----------------+-----------+-------+
[   10.693519] cloud-init[868]: ci-info: | Route | Destination | Gateway  |     Genmask     | Interface | Flags |
[   10.695073] cloud-init[868]: ci-info: +-------+-------------+----------+-----------------+-----------+-------+
[   10.700206] cloud-init[868]: ci-info: |   0   |   0.0.0.0   | 10.0.2.2 |     0.0.0.0     |   enp0s3  |   UG  |
[   10.704214] cloud-init[868]: ci-info: |   1   |   10.0.2.0  | 0.0.0.0  |  255.255.255.0  |   enp0s3  |   U   |
[   10.705587] cloud-init[868]: ci-info: |   2   |   10.0.2.2  | 0.0.0.0  | 255.255.255.255 |   enp0s3  |   UH  |
[   10.708197] cloud-init[868]: ci-info: +-------+-------------+----------+-----------------+-----------+-------+
[   10.713154] cloud-init[868]: ci-info: +++++++++++++++++++Route IPv6 info+++++++++++++++++++
[   10.714034] cloud-init[868]: ci-info: +-------+-------------+---------+-----------+-------+
[   10.715157] cloud-init[868]: ci-info: | Route | Destination | Gateway | Interface | Flags |
[   10.718611] cloud-init[868]: ci-info: +-------+-------------+---------+-----------+-------+
[   10.721577] cloud-init[868]: ci-info: |   1   |  fd00::/64  |    ::   |   enp0s3  |   U   |
[   10.722547] cloud-init[868]: ci-info: |   2   |  fe80::/64  |    ::   |   enp0s3  |   U   |
[   10.725472] cloud-init[868]: ci-info: |   3   |     ::/0    | fe80::2 |   enp0s3  |   UG  |
[   10.726466] cloud-init[868]: ci-info: |   5   |    local    |    ::   |   enp0s3  |   U   |
[   10.729777] cloud-init[868]: ci-info: |   6   |   ff00::/8  |    ::   |   enp0s3  |   U   |
[   10.730776] cloud-init[868]: ci-info: +-------+-------------+---------+-----------+-------+
[   11.218380] cloud-init[868]: Generating public/private rsa key pair.
[   11.228221] cloud-init[868]: Your identification has been saved in /etc/ssh/ssh_host_rsa_key.
[   11.242782] cloud-init[868]: Your public key has been saved in /etc/ssh/ssh_host_rsa_key.pub.
[   11.244379] cloud-init[868]: The key fingerprint is:
[   11.245223] cloud-init[868]: SHA256:AZPXmyfTqqy2fKKmTIB0yFca4GtgKq1G+AxN4WGSgd0 root@ubuntu-bionic
[   11.248183] cloud-init[868]: The key's randomart image is:
[   11.248910] cloud-init[868]: +---[RSA 2048]----+
[   11.252224] cloud-init[868]: |+==o .o. .       |
[   11.252730] cloud-init[868]: |=+ooE .o. .      |
[   11.253200] cloud-init[868]: |.*o+   ..  +     |
[   11.253793] cloud-init[868]: |B++      .= o    |
[   11.254608] cloud-init[868]: |B+o     S  =     |
[   11.256232] cloud-init[868]: |+*        .      |
[   11.260207] cloud-init[868]: |..+    . .       |
[   11.260663] cloud-init[868]: |.o  ..o +        |
[   11.261230] cloud-init[868]: |  oo.o+=         |
[   11.261782] cloud-init[868]: +----[SHA256]-----+
[   11.262352] cloud-init[868]: Generating public/private dsa key pair.
[   11.263073] cloud-init[868]: Your identification has been saved in /etc/ssh/ssh_host_dsa_key.
[   11.272236] cloud-init[868]: Your public key has been saved in /etc/ssh/ssh_host_dsa_key.pub.
[   11.273002] cloud-init[868]: The key fingerprint is:
[   11.273599] cloud-init[868]: SHA256:Eq0D6sg3XQMQsaef/0L/dAyOaNPfFWslGTEhhAYjIyQ root@ubuntu-bionic
[   11.274528] cloud-init[868]: The key's randomart image is:
[   11.275230] cloud-init[868]: +---[DSA 1024]----+
[   11.275815] cloud-init[868]: |  E== o o. oo +. |
[   11.276415] cloud-init[868]: |   .o. + .o  . o |
[   11.276986] cloud-init[868]: |   ..o. ..    .  |
[   11.277556] cloud-init[868]: |   .o..o       o |
[   11.278067] cloud-init[868]: |  ..  +oS  .  o..|
[   11.278632] cloud-init[868]: |.o  o o++ o o  .+|
[   11.279201] cloud-init[868]: |...o +.+.o o o + |
[   11.280097] cloud-init[868]: |  . . o...o o o  |
[   11.282791] cloud-init[868]: |       .o..o .   |
[   11.283461] cloud-init[868]: +----[SHA256]-----+
[   11.284111] cloud-init[868]: Generating public/private ecdsa key pair.
[[0;32m  OK  [0m] Started Initial cloud-init job (metadata service crawler).
[[0;32m  OK  [0m] Reached target System Initialization.
[   11.287175] cloud-init[868]: Your identification has been saved in /etc/ssh/ssh_host_ecdsa_key.         Starting LXD - unix socket.
[[0;32m  OK  [0m] Started Ubuntu Advantage Timer for running repeated jobs.
[[0;32m  OK  [0m] Started ACPI Events Check.
[[0;32m  OK  [0m] Listening on D-Bus System Message Bus Socket.
[[0;32m  OK  [0m] Listening on cloud-init hotplug hook socket.
[[0;32m  OK  [0m] Listening on Open-iSCSI iscsid Socket.
[[0;32m  OK  [0m] Started Discard unused blocks once a week.
         Starting Socket activation for snappy daemon.
[[0;32m  OK  [0m] Listening on ACPID Listen Socket.
[   11.301184] cloud-init[868]: Your public key has been saved in /etc/ssh/ssh_host_ecdsa_key.pub.
[   11.302102] cloud-init[868]: The key fingerprint is:
[   11.302672] cloud-init[868]: SHA256:u6/J/sNwHRKOi5IjHmIua6pV8+e3pgKn4ykUiZAOp/A root@ubuntu-bionic
[   11.303641] cloud-init[868]: The key's randomart image is:
[[0;32m  OK  [0m] Started Message of the Day.
[[0;32m  OK  [0m] Started Daily Cleanup of Temporary Directories.
[[0;32m  OK  [0m] Listening on UUID daemon activation socket.
[[0;32m  OK  [0m] Reached target Paths.
[[0;32m  OK  [0m] Started Daily apt download activities.
[[0;32m  OK  [0m] Started Daily apt upgrade and clean activities.
[[0;32m  OK  [0m] Reached target Timers.
[[0;32m  OK  [0m] Reached target Network is Online.
[[0;32m  OK  [0m] Reached target Remote File Systems (Pre).
[[0;32m  OK  [0m] Reached target Remote File Systems.
         Starting Availability of block devices...
[[0;32m  OK  [0m] Reached target Cloud-config availability.
[[0;32m  OK  [0m] Listening on LXD - unix socket.

[[0;32m  OK  [0m] Listening on Socket activation for snappy daemon.
[[0;32m  OK  [0m] Started Availability of block devices.
[[0;32m  OK  [0m] Reached target Sockets.
[[0;32m  OK  [0m] Reached target Basic System.
[   11.336000] cloud-init[868]: +---[ECDSA 256]---+
[   11.339655] cloud-init[868]: | .               |         Starting Permit User Sessions...

[[0;32m  OK  [0m] Started FUSE filesystem for LXC.
[   11.356196] cloud-init[868]: |= .       .      |
[   11.356700] cloud-init[868]: |== .     o .     |
[   11.357957] cloud-init[868]: |o.E     . o .    |
[[0;32m  OK  [0m] Started D-Bus System Message Bus.
[   11.359078] cloud-init[868]: |   .o. .S. o .   |
[   11.360105] cloud-init[868]: |..+.=oo o.. .    |
[   11.361867] cloud-init[868]: |o+.o *. o+       |
[   11.362790] cloud-init[868]: |.+o o..+ o=      |
[   11.363923] cloud-init[868]: |O. oo. oOB+o     |
[   11.368741] cloud-init[868]: +----[SHA256]-----+
[   11.372728] cloud-init[868]: Generating public/private ed25519 key pair.
[   11.376689] cloud-init[868]: Your identification has been saved in /etc/ssh/ssh_host_ed25519_key.
[   11.383699] cloud-init[868]: Your public key has been saved in /etc/ssh/ssh_host_ed25519_key.pub.
[[0;32m  OK  [0m] Started Regular background program processing daemon.
         Starting Accounts Service...
[   11.393364] cloud-init[868]: The key fingerprint is:
         Starting LSB: Record successful boot for GRUB...
[[0;32m  OK  [0m] Started Deferred execution scheduler.
[   11.406106] cloud-init[868]: SHA256:JxzavoJRDrDsTTAYQEcnBmidY0LNGjTUP9rdS2LwQqI root@ubuntu-bionic
[   11.409114] cloud-init[868]: The key's randomart image is:
[   11.411753] cloud-init[868]: +--[ED25519 256]--+
[   11.413641] cloud-init[868]: |XXB=..           |
[   11.415197] cloud-init[868]: |o+BOo            |
[   11.417910] cloud-init[868]: |..==o   .        |
[   11.423410] cloud-init[868]: | .o.o=.+ .       |         Starting Dispatcher daemon for systemd-networkd...
         Starting System Logging Service...
         Starting Virtualbox guest utils...

[   11.437369] cloud-init[868]: | ..o=+* S .      |
[   11.439209] cloud-init[868]: | E..oo.* =       |
[   11.440184] cloud-init[868]: |     oo + .      |
[   11.441983] cloud-init[868]: |    . .  o       |
[   11.451087] cloud-init[868]: |       ..        |
[   11.453964] cloud-init[868]: +----[SHA256]-----+
[[0;32m  OK  [0m] Started irqbalance daemon.
         Starting LXD - container startup/shutdown...
         Starting Snap Daemon...
         Starting Login Service...
         Starting LSB: automatic crash report generation...
[[0;32m  OK  [0m] Reached target Login Prompts (Pre).
         Starting Pollinate to seed the pseudo random number generator...
[[0;32m  OK  [0m] Started System Logging Service.
[[0;32m  OK  [0m] Started Permit User Sessions.
[[0;32m  OK  [0m] Started Login Service.
[[0;32m  OK  [0m] Started Unattended Upgrades Shutdown.
         Starting Authorization Manager...
         Starting Hostname Service...
         Starting Hold until boot process finishes up...
         Starting Terminate Plymouth Boot Screen...
[[0;32m  OK  [0m] Started Hold until boot process finishes up.
         Starting Set console scheme...
[[0;32m  OK  [0m] Started Serial Getty on ttyS0.
[[0;32m  OK  [0m] Started Terminate Plymouth Boot Screen.
[[0;32m  OK  [0m] Started Authorization Manager.
[[0;32m  OK  [0m] Started Accounts Service.
[[0;32m  OK  [0m] Started Set console scheme.
[[0;32m  OK  [0m] Created slice system-getty.slice.
[[0;32m  OK  [0m] Started Getty on tty1.
[[0;32m  OK  [0m] Reached target Login Prompts.
[[0;32m  OK  [0m] Started LSB: automatic crash report generation.
[[0;32m  OK  [0m] Started Hostname Service.
[[0;32m  OK  [0m] Started LXD - container startup/shutdown.
[[0;32m  OK  [0m] Started LSB: Record successful boot for GRUB.
[[0;32m  OK  [0m] Started Virtualbox guest utils.
[[0;32m  OK  [0m] Started Dispatcher daemon for systemd-networkd.
[[0;32m  OK  [0m] Started Snap Daemon.
         Starting Wait until snapd is fully seeded...
[[0;32m  OK  [0m] Started Pollinate to seed the pseudo random number generator.
         Starting OpenBSD Secure Shell server...
[[0;32m  OK  [0m] Started OpenBSD Secure Shell server.
[[0;32m  OK  [0m] Created slice User Slice of vagrant.
         Starting User Manager for UID 1000...
[[0;32m  OK  [0m] Started Session 1 of user vagrant.
         Starting Time & Date Service...
[[0;32m  OK  [0m] Started User Manager for UID 1000.
[[0;32m  OK  [0m] Started Time & Date Service.
[[0;32m  OK  [0m] Started Wait until snapd is fully seeded.
         Starting Apply the settings specified in cloud-config...
[   17.561153] cloud-init[1415]: Cloud-init v. 23.1.2-0ubuntu0~18.04.1 running 'modules:config' at Tue, 12 Nov 2024 04:30:45 +0000. Up 16.88 seconds.

Ubuntu 18.04.6 LTS ubuntu-bionic ttyS0

ubuntu-bionic login: ci-info: no authorized SSH keys fingerprints found for user ubuntu.
<14>Nov 12 04:30:47 cloud-init: #############################################################
<14>Nov 12 04:30:47 cloud-init: -----BEGIN SSH HOST KEY FINGERPRINTS-----
<14>Nov 12 04:30:47 cloud-init: 1024 SHA256:Eq0D6sg3XQMQsaef/0L/dAyOaNPfFWslGTEhhAYjIyQ root@ubuntu-bionic (DSA)
<14>Nov 12 04:30:47 cloud-init: 256 SHA256:u6/J/sNwHRKOi5IjHmIua6pV8+e3pgKn4ykUiZAOp/A root@ubuntu-bionic (ECDSA)
<14>Nov 12 04:30:47 cloud-init: 256 SHA256:JxzavoJRDrDsTTAYQEcnBmidY0LNGjTUP9rdS2LwQqI root@ubuntu-bionic (ED25519)
<14>Nov 12 04:30:47 cloud-init: 2048 SHA256:AZPXmyfTqqy2fKKmTIB0yFca4GtgKq1G+AxN4WGSgd0 root@ubuntu-bionic (RSA)
<14>Nov 12 04:30:47 cloud-init: -----END SSH HOST KEY FINGERPRINTS-----
<14>Nov 12 04:30:47 cloud-init: #############################################################
-----BEGIN SSH HOST KEY KEYS-----
ecdsa-sha2-nistp256 AAAAE2VjZHNhLXNoYTItbmlzdHAyNTYAAAAIbmlzdHAyNTYAAABBBN+sjxMRnxfzpx5/dSow5jM2aKKnSbkXmLxVxCJVPE2mpUcMhbNnW/wvYCBn+fB5G8KbCsBXem8YQB4ObTFg/gw= root@ubuntu-bionic
ssh-ed25519 AAAAC3NzaC1lZDI1NTE5AAAAIL5wWfAYJa0UMzUmJ1R/QuJhEwI1tm3UU5zhVRIUagED root@ubuntu-bionic
ssh-rsa AAAAB3NzaC1yc2EAAAADAQABAAABAQDHp4M4Hx6T5w+0MCJE56grvwnnQMJdpyJdqZ99BBvNeKWoCenLH71GVfeXxYVzP2neEsoaWb+yFXtfkPHAoJkjDprfox2NbwVM1mNl/4bUmehIqeJB4ce+11lbZOz41HSi6HUotW3sJqg3SkHeyZtoC6il7cAdwuy1x3UbqIuGLS2dwuXU+r2mclyUaidgENopjBWA+kzk6CnffKbE1/LEVvhYLgBzOTKTCPeD70IJf2ieUb2JOMGe7ZlZNxin3/eonnilTOSSzRPUu0W9X5kiyK0cpXpEAowyhQqR0AV9Xuf5/rRsRjICy7dkqJgmDFDysSBtiR1atwEkraqRUSIJ root@ubuntu-bionic
-----END SSH HOST KEY KEYS-----
[   18.636523] cloud-init[1597]: Cloud-init v. 23.1.2-0ubuntu0~18.04.1 running 'modules:final' at Tue, 12 Nov 2024 04:30:47 +0000. Up 18.35 seconds.
[   18.638742] cloud-init[1597]: Cloud-init v. 23.1.2-0ubuntu0~18.04.1 finished at Tue, 12 Nov 2024 04:30:47 +0000. Datasource DataSourceNoCloud [seed=/dev/sdb][dsmode=net].  Up 18.62 seconds
